
> judgetracker-atlas-frontend@0.1.0 test:contracts
> vitest run tests/contracts tests/*.contract.test.ts

[33mThe CJS build of Vite's Node API is deprecated. See https://vite.dev/guide/troubleshooting.html#vite-cjs-node-api-deprecated for more details.[39m

 RUN  v2.1.9 /Users/dawsonblock/Downloads/JUDGE_ATLAS-main 2/frontend

 ✓ tests/admin-csrf.contract.test.ts (3 tests) 4ms
 ✓ tests/contracts/evidenceChat.contract.test.ts (2 tests) 3ms
 ✓ tests/admin-source-mutation-proxy.contract.test.ts (4 tests) 10ms
 ✓ tests/contracts/reviewQueue.contract.test.ts (2 tests) 2ms
 ✓ tests/contracts/sourceRegistry.contract.test.ts (2 tests) 2ms
 ✓ tests/review-flow.contract.test.ts (2 tests) 2ms
 ✓ tests/contracts/publicMap.contract.test.ts (2 tests) 4ms
 ✓ tests/contracts/publicEntityDetail.contract.test.ts (2 tests) 3ms
 ✓ tests/contracts/evidenceSnapshot.contract.test.ts (2 tests) 3ms
 ✓ tests/source-registry.contract.test.ts (2 tests) 5ms
 ✓ tests/public-map.contract.test.ts (7 tests) 8ms
 ✓ tests/contracts/contract_schema_headers.test.ts (7 tests) 8ms
 ✓ tests/contracts/contracts_presence.test.ts (1 test) 3ms
 ✓ tests/contracts/aiReviewResult.contract.test.ts (2 tests) 2ms
 ✓ tests/contracts/errorResponse.contract.test.ts (3 tests) 2ms

 Test Files  15 passed (15)
      Tests  43 passed (43)
   Start at  20:52:36
   Duration  1.34s (transform 700ms, setup 0ms, collect 2.51s, tests 61ms, environment 2ms, prepare 4.29s)

