
> judgetracker-atlas-frontend@0.1.0 test:contracts
> vitest run tests/contracts tests/*.contract.test.ts

[33mThe CJS build of Vite's Node API is deprecated. See https://vite.dev/guide/troubleshooting.html#vite-cjs-node-api-deprecated for more details.[39m

 RUN  v2.1.9 /Users/dawsonblock/JUDGE_ATLASX/frontend

 ✓ tests/admin-csrf.contract.test.ts (3 tests) 10ms
 ✓ tests/contracts/adminAuthGuard.test.ts (4 tests) 25ms
 ✓ tests/contracts/evidenceChat.contract.test.ts (2 tests) 8ms
 ✓ tests/admin-source-mutation-proxy.contract.test.ts (4 tests) 36ms
 ✓ tests/source-registry.contract.test.ts (2 tests) 21ms
 ✓ tests/contracts/sourceRegistry.contract.test.ts (2 tests) 25ms
 ✓ tests/contracts/publicEntityDetail.contract.test.ts (2 tests) 18ms
 ✓ tests/contracts/reviewQueue.contract.test.ts (2 tests) 8ms
 ✓ tests/review-flow.contract.test.ts (2 tests) 31ms
 ✓ tests/contracts/publicMap.contract.test.ts (2 tests) 61ms
 ✓ tests/public-map.contract.test.ts (7 tests) 59ms
 ✓ tests/contracts/evidenceSnapshot.contract.test.ts (2 tests) 92ms
 ✓ tests/contracts/contract_schema_headers.test.ts (7 tests) 152ms
 ✓ tests/contracts/contracts_presence.test.ts (1 test) 4ms
 ✓ tests/contracts/errorResponse.contract.test.ts (3 tests) 8ms
 ✓ tests/contracts/aiReviewResult.contract.test.ts (2 tests) 13ms
 ✓ tests/contracts/mapWorkspace.filters.test.ts (1 test) 8ms

 Test Files  17 passed (17)
      Tests  48 passed (48)
   Start at  16:39:03
   Duration  5.66s (transform 2.62s, setup 0ms, collect 8.14s, tests 580ms, environment 35ms, prepare 5.96s)

