
> judgetracker-atlas-frontend@0.1.0 test:contracts
> vitest run tests/contracts tests/*.contract.test.ts

[33mThe CJS build of Vite's Node API is deprecated. See https://vite.dev/guide/troubleshooting.html#vite-cjs-node-api-deprecated for more details.[39m

 RUN  v2.1.9 /Users/dawsonblock/Downloads/JUDGE_ATLAS-main 2/frontend

 ✓ tests/admin-csrf.contract.test.ts (3 tests) 4ms
 ✓ tests/contracts/adminAuthGuard.test.ts (4 tests) 10ms
 ✓ tests/contracts/evidenceChat.contract.test.ts (2 tests) 3ms
 ✓ tests/admin-source-mutation-proxy.contract.test.ts (4 tests) 44ms
 ✓ tests/source-registry.contract.test.ts (2 tests) 4ms
 ✓ tests/contracts/publicMap.contract.test.ts (2 tests) 5ms
 ✓ tests/public-map.contract.test.ts (7 tests) 7ms
 ✓ tests/contracts/sourceRegistry.contract.test.ts (2 tests) 7ms
 ✓ tests/contracts/publicEntityDetail.contract.test.ts (2 tests) 5ms
 ✓ tests/review-flow.contract.test.ts (2 tests) 6ms
 ✓ tests/contracts/reviewQueue.contract.test.ts (2 tests) 8ms
 ✓ tests/contracts/contract_schema_headers.test.ts (7 tests) 12ms
 ✓ tests/contracts/evidenceSnapshot.contract.test.ts (2 tests) 16ms
 ✓ tests/contracts/contracts_presence.test.ts (1 test) 2ms
 ✓ tests/contracts/aiReviewResult.contract.test.ts (2 tests) 6ms
 ✓ tests/contracts/errorResponse.contract.test.ts (3 tests) 6ms
 ✓ tests/contracts/mapWorkspace.filters.test.ts (1 test) 2ms

 Test Files  17 passed (17)
      Tests  48 passed (48)
   Start at  23:54:27
   Duration  2.88s (transform 1.72s, setup 0ms, collect 6.08s, tests 144ms, environment 2ms, prepare 6.19s)

