FF..                                                                     [100%]
=================================== FAILURES ===================================
______________ test_all_route_log_mutation_calls_are_fail_closed _______________

    def test_all_route_log_mutation_calls_are_fail_closed() -> None:
        findings: list[str] = []
    
        for method, path, route in _iter_target_mutation_routes():
            if find_allowlist_entry(path, method) is not None:
                continue
    
            calls = _log_mutation_calls(route)
            has_auditlog = _has_auditlog_call(route)
            if not calls and not has_auditlog:
                findings.append(
                    f"{method} {path}: missing audit write (log_mutation or AuditLog)"
                )
                continue
    
            for idx, call in enumerate(calls, start=1):
                if not _has_keyword(call, "db"):
                    findings.append(
                        f"{method} {path}: log_mutation call #{idx} missing db=db"
                    )
                elif not _has_db_session_keyword(call):
                    findings.append(
                        f"{method} {path}: log_mutation call #{idx} db keyword must pass session variable 'db'"
                    )
    
                if not _has_fail_closed_true(call):
                    findings.append(
                        f"{method} {path}: log_mutation call #{idx} missing fail_closed=True"
                    )
    
>       assert not findings, "\n".join(findings)
E       AssertionError: POST /api/admin/review-queue/{entity_type}/{entity_id}/decision: missing audit write (log_mutation or AuditLog)
E         POST /api/admin/legal-sources/{source_id}/retract: missing audit write (log_mutation or AuditLog)
E       assert not ['POST /api/admin/review-queue/{entity_type}/{entity_id}/decision: missing audit write (log_mutation or AuditLog)', 'POST /api/admin/legal-sources/{source_id}/retract: missing audit write (log_mutation or AuditLog)']

backend/app/tests/test_mutation_fail_closed_coverage.py:122: AssertionError
_____ test_mutation_routes_without_log_mutation_are_audited_or_allowlisted _____

    def test_mutation_routes_without_log_mutation_are_audited_or_allowlisted() -> None:
        findings: list[str] = []
    
        for method, path, route in _iter_target_mutation_routes():
            calls = _log_mutation_calls(route)
            if calls:
                continue
            if _has_auditlog_call(route):
                continue
            if find_allowlist_entry(path, method) is not None:
                continue
            findings.append(
                f"{method} {path}: missing audit write (requires log_mutation, AuditLog, or allowlist entry)"
            )
    
>       assert not findings, "\n".join(findings)
E       AssertionError: POST /api/admin/review-queue/{entity_type}/{entity_id}/decision: missing audit write (requires log_mutation, AuditLog, or allowlist entry)
E         POST /api/admin/legal-sources/{source_id}/retract: missing audit write (requires log_mutation, AuditLog, or allowlist entry)
E       assert not ['POST /api/admin/review-queue/{entity_type}/{entity_id}/decision: missing audit write (requires log_mutation, AuditLo...pi/admin/legal-sources/{source_id}/retract: missing audit write (requires log_mutation, AuditLog, or allowlist entry)']

backend/app/tests/test_mutation_fail_closed_coverage.py:140: AssertionError
=========================== short test summary info ============================
FAILED backend/app/tests/test_mutation_fail_closed_coverage.py::test_all_route_log_mutation_calls_are_fail_closed
FAILED backend/app/tests/test_mutation_fail_closed_coverage.py::test_mutation_routes_without_log_mutation_are_audited_or_allowlisted
2 failed, 2 passed in 0.14s
