
> judgetracker-atlas-frontend@0.1.0 test:contracts
> vitest run tests/contracts tests/*.contract.test.ts

[33mThe CJS build of Vite's Node API is deprecated. See https://vite.dev/guide/troubleshooting.html#vite-cjs-node-api-deprecated for more details.[39m

 RUN  v2.1.9 /Users/dawsonblock/JUDGE_ATLASX/frontend

 ✓ tests/admin-csrf.contract.test.ts (3 tests) 4ms
 ✓ tests/contracts/adminAuthGuard.test.ts (4 tests) 10ms
 ✓ tests/contracts/evidenceChat.contract.test.ts (2 tests) 7ms
 ✓ tests/admin-source-mutation-proxy.contract.test.ts (4 tests) 12ms
 ✓ tests/contracts/publicEntityDetail.contract.test.ts (2 tests) 3ms
 ✓ tests/contracts/reviewQueue.contract.test.ts (2 tests) 3ms
 ✓ tests/public-map.contract.test.ts (7 tests) 3ms
 ✓ tests/contracts/publicMap.contract.test.ts (2 tests) 15ms
 ✓ tests/source-registry.contract.test.ts (2 tests) 8ms
 ✓ tests/review-flow.contract.test.ts (2 tests) 9ms
 ✓ tests/contracts/sourceRegistry.contract.test.ts (2 tests) 8ms
 ✓ tests/contracts/contract_schema_headers.test.ts (7 tests) 6ms
 ✓ tests/contracts/evidenceSnapshot.contract.test.ts (2 tests) 136ms
 ✓ tests/contracts/contracts_presence.test.ts (1 test) 4ms
 ✓ tests/contracts/aiReviewResult.contract.test.ts (2 tests) 70ms
 ✓ tests/contracts/errorResponse.contract.test.ts (3 tests) 8ms
 ✓ tests/contracts/mapWorkspace.filters.test.ts (1 test) 4ms

 Test Files  17 passed (17)
      Tests  48 passed (48)
   Start at  17:53:16
   Duration  3.02s (transform 1.64s, setup 0ms, collect 7.67s, tests 310ms, environment 2ms, prepare 4.74s)

