RELEASE GATE
check_no_pyc: PASS rc=0 dur=0.043s log=artifacts/proof/current/check_no_pyc.log
check_false_claims: PASS rc=0 dur=4.718s log=artifacts/proof/current/check_false_claims.log
check_source_keys: PASS rc=0 dur=0.33s log=artifacts/proof/current/check_source_keys.log
check_statuses: PASS rc=0 dur=0.293s log=artifacts/proof/current/check_statuses.log
check_no_direct_ingestion_network_clients: PASS rc=0 dur=0.513s log=artifacts/proof/current/check_no_direct_ingestion_network_clients.log
check_source_registry_docs: PASS rc=0 dur=0.996s log=artifacts/proof/current/check_source_registry_docs.log
check_external_boundaries: PASS rc=0 dur=0.848s log=artifacts/proof/current/check_external_boundaries.log
backend_compile: PASS rc=0 dur=0.12s log=artifacts/proof/current/backend_compile.log
backend_import: PASS rc=0 dur=0.992s log=artifacts/proof/current/backend_import.log
backend_pytest: PASS rc=0 dur=62.389s log=artifacts/proof/current/backend_pytest.log
check_migrations: PASS rc=0 dur=1.336s log=artifacts/proof/current/check_migrations.log
docker_runtime_preflight: PASS rc=0 dur=1.082s log=artifacts/proof/current/docker_runtime_preflight.log
postgis_proof: PASS rc=0 dur=33.964s log=artifacts/proof/current/postgis_proof.log
egress_proxy_proof: PASS rc=0 dur=9.433s log=artifacts/proof/current/egress_proxy_proof.log
demo_proof: PASS rc=0 dur=4.851s log=artifacts/proof/current/demo_proof.log
validate_sources: PASS rc=0 dur=0.487s log=artifacts/proof/current/validate_sources.log
verify_source_registry: PASS rc=0 dur=1.28s log=artifacts/proof/current/verify_source_registry.log
source_registry_status: PASS rc=0 dur=0.966s log=artifacts/proof/current/source_registry_status.log
prepare_proof_db: PASS rc=0 dur=2.102s log=artifacts/proof/current/prepare_proof_db.log
verify_evidence_store: PASS rc=0 dur=0.652s log=artifacts/proof/current/verify_evidence_store.log
verify_audit_chain: PASS rc=0 dur=0.686s log=artifacts/proof/current/verify_audit_chain.log
auth_mutation_route_coverage: PASS rc=0 dur=2.605s log=artifacts/proof/current/auth_mutation_route_coverage.log
mutation_fail_closed_coverage: PASS rc=0 dur=2.764s log=artifacts/proof/current/mutation_fail_closed_coverage.log
frontend_node_gate: PASS rc=0 dur=1.71s log=artifacts/proof/current/frontend_node_gate.log
frontend_install: PASS rc=0 dur=19.937s log=artifacts/proof/current/frontend_install.log
frontend_lint: PASS rc=0 dur=5.245s log=artifacts/proof/current/frontend_lint.log
frontend_typecheck: PASS rc=0 dur=3.729s log=artifacts/proof/current/frontend_typecheck.log
frontend_contracts: PASS rc=0 dur=5.088s log=artifacts/proof/current/frontend_contracts.log
frontend_build: PASS rc=0 dur=13.503s log=artifacts/proof/current/frontend_build.log
check_api_contracts: PASS rc=0 dur=5.36s log=artifacts/proof/current/check_api_contracts.log
repo_generated_files: PASS rc=0 dur=0.116s log=artifacts/proof/current/repo_generated_files.log
check_npm_audit_triage: PASS rc=0 dur=1.479s log=artifacts/proof/current/check_npm_audit_triage.log
map_route_check: PASS rc=0 dur=2.137s log=artifacts/proof/current/map_route_check.log
public_api_boundary: PASS rc=0 dur=4.088s log=artifacts/proof/current/public_api_boundary.log
proof_freshness: PASS rc=0 dur=3.6s log=artifacts/proof/current/proof_freshness.log
