
> judgetracker-atlas-frontend@0.1.0 test:contracts
> vitest run tests/contracts tests/*.contract.test.ts

[33mThe CJS build of Vite's Node API is deprecated. See https://vite.dev/guide/troubleshooting.html#vite-cjs-node-api-deprecated for more details.[39m

 RUN  v2.1.9 /Users/dawsonblock/Downloads/JUDGE_ATLAS-main 2/frontend

 ✓ tests/admin-csrf.contract.test.ts (3 tests) 4ms
 ✓ tests/admin-source-mutation-proxy.contract.test.ts (4 tests) 13ms
 ✓ tests/contracts/evidenceChat.contract.test.ts (2 tests) 10ms
 ✓ tests/public-map.contract.test.ts (2 tests) 2ms
 ✓ tests/review-flow.contract.test.ts (2 tests) 2ms
 ✓ tests/contracts/evidenceSnapshot.contract.test.ts (2 tests) 4ms
 ✓ tests/contracts/sourceRegistry.contract.test.ts (2 tests) 5ms
 ✓ tests/contracts/reviewQueue.contract.test.ts (2 tests) 5ms
 ✓ tests/contracts/publicMap.contract.test.ts (2 tests) 5ms
 ✓ tests/contracts/publicEntityDetail.contract.test.ts (2 tests) 5ms
 ✓ tests/source-registry.contract.test.ts (2 tests) 7ms
 ✓ tests/contracts/contract_schema_headers.test.ts (7 tests) 5ms
 ✓ tests/contracts/contracts_presence.test.ts (1 test) 5ms
 ✓ tests/contracts/errorResponse.contract.test.ts (3 tests) 3ms
 ✓ tests/contracts/aiReviewResult.contract.test.ts (2 tests) 8ms

 Test Files  15 passed (15)
      Tests  38 passed (38)
   Start at  15:59:09
   Duration  1.71s (transform 725ms, setup 0ms, collect 3.12s, tests 83ms, environment 8ms, prepare 4.48s)

