
> judgetracker-atlas-frontend@0.1.0 test:contracts
> vitest run tests/contracts tests/*.contract.test.ts

[33mThe CJS build of Vite's Node API is deprecated. See https://vite.dev/guide/troubleshooting.html#vite-cjs-node-api-deprecated for more details.[39m

 RUN  v2.1.9 /Users/dawsonblock/Downloads/JUDGE_ATLAS-main 2/frontend

 ✓ tests/contracts/adminAuthGuard.test.ts (4 tests) 10ms
 ✓ tests/admin-csrf.contract.test.ts (3 tests) 8ms
 ✓ tests/contracts/evidenceChat.contract.test.ts (2 tests) 15ms
 ✓ tests/admin-source-mutation-proxy.contract.test.ts (4 tests) 52ms
 ✓ tests/contracts/sourceRegistry.contract.test.ts (2 tests) 10ms
 ✓ tests/source-registry.contract.test.ts (2 tests) 9ms
 ✓ tests/contracts/reviewQueue.contract.test.ts (2 tests) 15ms
 ✓ tests/contracts/publicEntityDetail.contract.test.ts (2 tests) 12ms
 ✓ tests/review-flow.contract.test.ts (2 tests) 19ms
 ✓ tests/public-map.contract.test.ts (7 tests) 3ms
 ✓ tests/contracts/publicMap.contract.test.ts (2 tests) 7ms
 ✓ tests/contracts/contract_schema_headers.test.ts (7 tests) 20ms
 ✓ tests/contracts/evidenceSnapshot.contract.test.ts (2 tests) 8ms
 ✓ tests/contracts/aiReviewResult.contract.test.ts (2 tests) 4ms
 ✓ tests/contracts/contracts_presence.test.ts (1 test) 3ms
 ✓ tests/contracts/errorResponse.contract.test.ts (3 tests) 22ms
 ✓ tests/contracts/mapWorkspace.filters.test.ts (1 test) 5ms

 Test Files  17 passed (17)
      Tests  48 passed (48)
   Start at  23:57:40
   Duration  4.43s (transform 2.34s, setup 0ms, collect 7.82s, tests 222ms, environment 5ms, prepare 10.11s)

