RELEASE GATE
check_no_pyc: PASS rc=0 dur=0.029s log=artifacts/proof/current/check_no_pyc.log
check_false_claims: FAIL rc=1 dur=9.567s log=artifacts/proof/current/check_false_claims.log
check_source_keys: PASS rc=0 dur=0.302s log=artifacts/proof/current/check_source_keys.log
check_statuses: PASS rc=0 dur=0.234s log=artifacts/proof/current/check_statuses.log
check_no_direct_ingestion_network_clients: PASS rc=0 dur=0.3s log=artifacts/proof/current/check_no_direct_ingestion_network_clients.log
check_source_registry_docs: PASS rc=0 dur=0.805s log=artifacts/proof/current/check_source_registry_docs.log
check_external_boundaries: PASS rc=0 dur=0.711s log=artifacts/proof/current/check_external_boundaries.log
backend_compile: PASS rc=0 dur=0.123s log=artifacts/proof/current/backend_compile.log
backend_import: PASS rc=0 dur=0.89s log=artifacts/proof/current/backend_import.log
backend_pytest: FAIL rc=1 dur=4.165s log=artifacts/proof/current/backend_pytest.log
check_migrations: FAIL rc=1 dur=1.304s log=artifacts/proof/current/check_migrations.log
docker_runtime_preflight: PASS rc=0 dur=1.059s log=artifacts/proof/current/docker_runtime_preflight.log
postgis_proof: FAIL rc=1 dur=14.939s log=artifacts/proof/current/postgis_proof.log
egress_proxy_proof: PASS rc=0 dur=6.589s log=artifacts/proof/current/egress_proxy_proof.log
demo_proof: FAIL rc=2 dur=0.042s log=artifacts/proof/current/demo_proof.log
validate_sources: PASS rc=0 dur=0.331s log=artifacts/proof/current/validate_sources.log
verify_source_registry: PASS rc=0 dur=0.593s log=artifacts/proof/current/verify_source_registry.log
source_registry_status: PASS rc=0 dur=0.566s log=artifacts/proof/current/source_registry_status.log
prepare_proof_db: FAIL rc=1 dur=0.759s log=artifacts/proof/current/prepare_proof_db.log
verify_evidence_store: FAIL rc=1 dur=0.337s log=artifacts/proof/current/verify_evidence_store.log
verify_audit_chain: FAIL rc=1 dur=0.326s log=artifacts/proof/current/verify_audit_chain.log
auth_mutation_route_coverage: PASS rc=0 dur=1.373s log=artifacts/proof/current/auth_mutation_route_coverage.log
mutation_fail_closed_coverage: PASS rc=0 dur=1.442s log=artifacts/proof/current/mutation_fail_closed_coverage.log
frontend_node_gate: PASS rc=0 dur=1.103s log=artifacts/proof/current/frontend_node_gate.log
frontend_install: PASS rc=0 dur=15.556s log=artifacts/proof/current/frontend_install.log
frontend_lint: PASS rc=0 dur=2.891s log=artifacts/proof/current/frontend_lint.log
frontend_typecheck: PASS rc=0 dur=2.364s log=artifacts/proof/current/frontend_typecheck.log
frontend_contracts: PASS rc=0 dur=2.158s log=artifacts/proof/current/frontend_contracts.log
frontend_build: PASS rc=0 dur=11.167s log=artifacts/proof/current/frontend_build.log
check_api_contracts: PASS rc=0 dur=3.244s log=artifacts/proof/current/check_api_contracts.log
repo_generated_files: FAIL rc=1 dur=0.067s log=artifacts/proof/current/repo_generated_files.log
check_npm_audit_triage: FAIL rc=1 dur=1.425s log=artifacts/proof/current/check_npm_audit_triage.log
map_route_check: PASS rc=0 dur=1.708s log=artifacts/proof/current/map_route_check.log
public_api_boundary: PASS rc=0 dur=2.782s log=artifacts/proof/current/public_api_boundary.log
proof_freshness: PASS rc=0 dur=2.799s log=artifacts/proof/current/proof_freshness.log
alpha_gate_passed=false
