
> judgetracker-atlas-frontend@0.1.0 build
> next build

  ▲ Next.js 14.2.35
  - Experiments (use with caution):
    · outputFileTracingRoot

   Creating an optimized production build ...
 ✓ Compiled successfully
   Linting and checking validity of types ...

./components/admin/WorkflowRunsPanel.tsx
71:6  Warning: React Hook useEffect has a missing dependency: 'fetchRuns'. Either include it or remove the dependency array.  react-hooks/exhaustive-deps

info  - Need to disable some ESLint rules? Learn more here: https://nextjs.org/docs/basic-features/eslint#disabling-rules
Failed to compile.

./components/admin/WorkflowRunsPanel.tsx:12:24
Type error: Cannot find module 'date-fns' or its corresponding type declarations.

[0m [90m 10 |[39m[0m
[0m [90m 11 |[39m [36mimport[39m { useState[33m,[39m useEffect } [36mfrom[39m [32m"react"[39m[33m;[39m[0m
[0m[31m[1m>[22m[39m[90m 12 |[39m [36mimport[39m { format } [36mfrom[39m [32m"date-fns"[39m[33m;[39m[0m
[0m [90m    |[39m                        [31m[1m^[22m[39m[0m
[0m [90m 13 |[39m[0m
[0m [90m 14 |[39m [36minterface[39m [33mWorkflowRun[39m {[0m
[0m [90m 15 |[39m   id[33m:[39m number[33m;[39m[0m
Next.js build worker exited with code: 1 and signal: null
