
> judgetracker-atlas-frontend@0.1.0 typecheck
> tsc --noEmit

tests/admin-source-status.test.tsx(4,32): error TS2307: Cannot find module '@testing-library/react' or its corresponding type declarations.
tests/admin-source-status.test.tsx(99,31): error TS2740: Type '{ id: number; source_key: string; source_name: string; source_type: string; category: string; public_record_authority: string; source_class: string; lifecycle_state: string; automation_status: string; ... 20 more ...; canonical_replacement_key: null; }' is missing the following properties from type 'AdminSourceItem': source_tier, rate_limit_rpm, last_successful_fetch, auto_publish_enabled, and 6 more.
tests/admin-source-status.test.tsx(100,41): error TS2339: Property 'toBeInTheDocument' does not exist on type 'Assertion<any>'.
tests/admin-source-status.test.tsx(105,31): error TS2740: Type '{ is_active: boolean; id: number; source_key: string; source_name: string; source_type: string; category: string; public_record_authority: string; source_class: string; lifecycle_state: string; ... 20 more ...; canonical_replacement_key: null; }' is missing the following properties from type 'AdminSourceItem': source_tier, rate_limit_rpm, last_successful_fetch, auto_publish_enabled, and 6 more.
tests/admin-source-status.test.tsx(106,43): error TS2339: Property 'toBeInTheDocument' does not exist on type 'Assertion<any>'.
tests/admin-source-status.test.tsx(110,31): error TS2740: Type '{ id: number; source_key: string; source_name: string; source_type: string; category: string; public_record_authority: string; source_class: string; lifecycle_state: string; automation_status: string; ... 20 more ...; canonical_replacement_key: null; }' is missing the following properties from type 'AdminSourceItem': source_tier, rate_limit_rpm, last_successful_fetch, auto_publish_enabled, and 6 more.
tests/admin-source-status.test.tsx(111,56): error TS2339: Property 'toBeInTheDocument' does not exist on type 'Assertion<any>'.
tests/admin-source-status.test.tsx(115,31): error TS2740: Type '{ id: number; source_key: string; source_name: string; source_type: string; category: string; public_record_authority: string; source_class: string; lifecycle_state: string; automation_status: string; ... 20 more ...; canonical_replacement_key: null; }' is missing the following properties from type 'AdminSourceItem': source_tier, rate_limit_rpm, last_successful_fetch, auto_publish_enabled, and 6 more.
tests/admin-source-status.test.tsx(116,43): error TS2339: Property 'toBeInTheDocument' does not exist on type 'Assertion<any>'.
tests/admin-source-status.test.tsx(120,31): error TS2740: Type '{ id: number; source_key: string; source_name: string; source_type: string; category: string; public_record_authority: string; source_class: string; lifecycle_state: string; automation_status: string; ... 20 more ...; canonical_replacement_key: null; }' is missing the following properties from type 'AdminSourceItem': source_tier, rate_limit_rpm, last_successful_fetch, auto_publish_enabled, and 6 more.
tests/admin-source-status.test.tsx(121,48): error TS2339: Property 'toBeInTheDocument' does not exist on type 'Assertion<any>'.
tests/admin-source-status.test.tsx(125,31): error TS2740: Type '{ id: number; source_key: string; source_name: string; source_type: string; category: string; public_record_authority: string; source_class: string; lifecycle_state: string; automation_status: string; ... 20 more ...; canonical_replacement_key: null; }' is missing the following properties from type 'AdminSourceItem': source_tier, rate_limit_rpm, last_successful_fetch, auto_publish_enabled, and 6 more.
tests/admin-source-status.test.tsx(126,38): error TS2339: Property 'toBeInTheDocument' does not exist on type 'Assertion<any>'.
tests/admin-source-status.test.tsx(136,31): error TS2740: Type '{ is_active: boolean; enable_ready: boolean; enable_blockers: string[]; id: number; source_key: string; source_name: string; source_type: string; category: string; public_record_authority: string; ... 20 more ...; canonical_replacement_key: null; }' is missing the following properties from type 'AdminSourceItem': source_tier, rate_limit_rpm, last_successful_fetch, auto_publish_enabled, and 6 more.
tests/admin-source-status.test.tsx(137,52): error TS2339: Property 'toBeInTheDocument' does not exist on type 'Assertion<any>'.
tests/admin-source-status.test.tsx(138,50): error TS2339: Property 'toBeInTheDocument' does not exist on type 'Assertion<any>'.
tests/admin-source-status.test.tsx(147,31): error TS2740: Type '{ lifecycle_state: string; canonical_replacement_key: string; id: number; source_key: string; source_name: string; source_type: string; category: string; public_record_authority: string; ... 21 more ...; operator_next_step: null; }' is missing the following properties from type 'AdminSourceItem': source_tier, rate_limit_rpm, last_successful_fetch, auto_publish_enabled, and 6 more.
tests/admin-source-status.test.tsx(148,45): error TS2339: Property 'toBeInTheDocument' does not exist on type 'Assertion<any>'.
tests/admin-source-status.test.tsx(149,45): error TS2339: Property 'toBeInTheDocument' does not exist on type 'Assertion<any>'.
tests/admin-source-status.test.tsx(159,31): error TS2740: Type '{ is_active: boolean; enable_ready: boolean; enable_blockers: string[]; id: number; source_key: string; source_name: string; source_type: string; category: string; public_record_authority: string; ... 20 more ...; canonical_replacement_key: null; }' is missing the following properties from type 'AdminSourceItem': source_tier, rate_limit_rpm, last_successful_fetch, auto_publish_enabled, and 6 more.
tests/admin-source-status.test.tsx(161,26): error TS2339: Property 'toBeDisabled' does not exist on type 'Assertion<any>'.
tests/admin-source-status.test.tsx(165,31): error TS2740: Type '{ id: number; source_key: string; source_name: string; source_type: string; category: string; public_record_authority: string; source_class: string; lifecycle_state: string; automation_status: string; ... 20 more ...; canonical_replacement_key: null; }' is missing the following properties from type 'AdminSourceItem': source_tier, rate_limit_rpm, last_successful_fetch, auto_publish_enabled, and 6 more.
tests/admin-source-status.test.tsx(166,62): error TS2339: Property 'toBeInTheDocument' does not exist on type 'Assertion<any>'.
tests/admin-source-status.test.tsx(171,31): error TS2740: Type '{ is_active: boolean; id: number; source_key: string; source_name: string; source_type: string; category: string; public_record_authority: string; source_class: string; lifecycle_state: string; ... 20 more ...; canonical_replacement_key: null; }' is missing the following properties from type 'AdminSourceItem': source_tier, rate_limit_rpm, last_successful_fetch, auto_publish_enabled, and 6 more.
tests/admin-source-status.test.tsx(172,68): error TS2339: Property 'toBeInTheDocument' does not exist on type 'Assertion<any>'.
tests/admin-source-status.test.tsx(177,31): error TS2740: Type '{ runnable_now: boolean; id: number; source_key: string; source_name: string; source_type: string; category: string; public_record_authority: string; source_class: string; lifecycle_state: string; ... 20 more ...; canonical_replacement_key: null; }' is missing the following properties from type 'AdminSourceItem': source_tier, rate_limit_rpm, last_successful_fetch, auto_publish_enabled, and 6 more.
tests/admin-source-status.test.tsx(178,68): error TS2339: Property 'toBeInTheDocument' does not exist on type 'Assertion<any>'.
tests/admin-source-status.test.tsx(186,31): error TS2740: Type '{ requires_manual_review: boolean; id: number; source_key: string; source_name: string; source_type: string; category: string; public_record_authority: string; source_class: string; lifecycle_state: string; ... 20 more ...; canonical_replacement_key: null; }' is missing the following properties from type 'AdminSourceItem': source_tier, rate_limit_rpm, last_successful_fetch, auto_publish_enabled, and 6 more.
tests/admin-source-status.test.tsx(187,57): error TS2339: Property 'toBeInTheDocument' does not exist on type 'Assertion<any>'.
tests/admin-source-status.test.tsx(195,31): error TS2740: Type '{ status_reason: string; id: number; source_key: string; source_name: string; source_type: string; category: string; public_record_authority: string; source_class: string; lifecycle_state: string; ... 20 more ...; canonical_replacement_key: null; }' is missing the following properties from type 'AdminSourceItem': source_tier, rate_limit_rpm, last_successful_fetch, auto_publish_enabled, and 6 more.
tests/admin-source-status.test.tsx(196,62): error TS2339: Property 'toBeInTheDocument' does not exist on type 'Assertion<any>'.
tests/admin-source-status.test.tsx(204,31): error TS2740: Type '{ operator_next_step: string; id: number; source_key: string; source_name: string; source_type: string; category: string; public_record_authority: string; source_class: string; lifecycle_state: string; ... 20 more ...; canonical_replacement_key: null; }' is missing the following properties from type 'AdminSourceItem': source_tier, rate_limit_rpm, last_successful_fetch, auto_publish_enabled, and 6 more.
tests/admin-source-status.test.tsx(205,60): error TS2339: Property 'toBeInTheDocument' does not exist on type 'Assertion<any>'.
tests/geoLegalGeoJSONBuilders.test.ts(302,9): error TS2739: Type '{ id: string; event_type: string; title: string; lat: null; lng: null; jurisdiction: string; country: string; confidence: number; confidence_label: string; review_status: string; publish_status: string; ... 4 more ...; metadata: {}; }' is missing the following properties from type 'GeoLegalEvent': description, location_name, occurred_at, published_at, province
tests/geoLegalGeoJSONBuilders.test.ts(329,9): error TS2739: Type '{ id: string; event_type: string; title: string; lat: number; lng: number; jurisdiction: string; country: string; confidence: number; confidence_label: string; review_status: string; publish_status: string; ... 4 more ...; metadata: {}; }' is missing the following properties from type 'GeoLegalEvent': description, location_name, occurred_at, published_at, province
tests/geoLegalGeoJSONBuilders.test.ts(357,9): error TS2739: Type '{ id: string; event_type: string; title: string; lat: number; lng: number; jurisdiction: string; country: string; confidence: number; confidence_label: string; review_status: string; publish_status: string; ... 4 more ...; metadata: {}; }' is missing the following properties from type 'GeoLegalEvent': description, location_name, occurred_at, published_at, province
tests/geoLegalGeoJSONBuilders.test.ts(396,14): error TS2304: Cannot find name 'eventWithTags'.
