RELEASE GATE
check_no_pyc: PASS rc=0 dur=0.058s log=artifacts/proof/current/check_no_pyc.log
check_false_claims: PASS rc=0 dur=3.754s log=artifacts/proof/current/check_false_claims.log
check_source_keys: PASS rc=0 dur=0.303s log=artifacts/proof/current/check_source_keys.log
check_statuses: PASS rc=0 dur=0.257s log=artifacts/proof/current/check_statuses.log
check_no_direct_ingestion_network_clients: PASS rc=0 dur=0.402s log=artifacts/proof/current/check_no_direct_ingestion_network_clients.log
check_source_registry_docs: PASS rc=0 dur=1.237s log=artifacts/proof/current/check_source_registry_docs.log
check_external_boundaries: PASS rc=0 dur=0.859s log=artifacts/proof/current/check_external_boundaries.log
backend_compile: PASS rc=0 dur=0.114s log=artifacts/proof/current/backend_compile.log
backend_import: PASS rc=0 dur=1.002s log=artifacts/proof/current/backend_import.log
backend_pytest: PASS rc=0 dur=62.134s log=artifacts/proof/current/backend_pytest.log
check_migrations: PASS rc=0 dur=1.322s log=artifacts/proof/current/check_migrations.log
docker_runtime_preflight: PASS rc=0 dur=1.513s log=artifacts/proof/current/docker_runtime_preflight.log
postgis_proof: PASS rc=0 dur=38.987s log=artifacts/proof/current/postgis_proof.log
egress_proxy_proof: PASS rc=0 dur=8.674s log=artifacts/proof/current/egress_proxy_proof.log
demo_proof: PASS rc=0 dur=3.193s log=artifacts/proof/current/demo_proof.log
validate_sources: PASS rc=0 dur=0.428s log=artifacts/proof/current/validate_sources.log
verify_source_registry: PASS rc=0 dur=0.869s log=artifacts/proof/current/verify_source_registry.log
source_registry_status: PASS rc=0 dur=0.78s log=artifacts/proof/current/source_registry_status.log
prepare_proof_db: PASS rc=0 dur=1.401s log=artifacts/proof/current/prepare_proof_db.log
verify_evidence_store: PASS rc=0 dur=0.723s log=artifacts/proof/current/verify_evidence_store.log
verify_audit_chain: PASS rc=0 dur=0.477s log=artifacts/proof/current/verify_audit_chain.log
auth_mutation_route_coverage: PASS rc=0 dur=1.745s log=artifacts/proof/current/auth_mutation_route_coverage.log
mutation_fail_closed_coverage: PASS rc=0 dur=1.771s log=artifacts/proof/current/mutation_fail_closed_coverage.log
frontend_node_gate: PASS rc=0 dur=1.522s log=artifacts/proof/current/frontend_node_gate.log
frontend_install: PASS rc=0 dur=20.091s log=artifacts/proof/current/frontend_install.log
frontend_lint: PASS rc=0 dur=2.734s log=artifacts/proof/current/frontend_lint.log
frontend_typecheck: PASS rc=0 dur=2.497s log=artifacts/proof/current/frontend_typecheck.log
frontend_contracts: PASS rc=0 dur=3.34s log=artifacts/proof/current/frontend_contracts.log
frontend_build: PASS rc=0 dur=14.805s log=artifacts/proof/current/frontend_build.log
check_api_contracts: PASS rc=0 dur=4.937s log=artifacts/proof/current/check_api_contracts.log
repo_generated_files: PASS rc=0 dur=0.131s log=artifacts/proof/current/repo_generated_files.log
check_npm_audit_triage: PASS rc=0 dur=1.898s log=artifacts/proof/current/check_npm_audit_triage.log
map_route_check: PASS rc=0 dur=2.031s log=artifacts/proof/current/map_route_check.log
public_api_boundary: PASS rc=0 dur=4.39s log=artifacts/proof/current/public_api_boundary.log
proof_freshness: PASS rc=0 dur=3.251s log=artifacts/proof/current/proof_freshness.log
alpha_gate_passed=false
