RELEASE GATE
check_no_pyc: PASS rc=0 dur=0.028s log=artifacts/proof/current/check_no_pyc.log
check_false_claims: FAIL rc=1 dur=8.285s log=artifacts/proof/current/check_false_claims.log
check_source_keys: PASS rc=0 dur=0.241s log=artifacts/proof/current/check_source_keys.log
check_statuses: PASS rc=0 dur=0.201s log=artifacts/proof/current/check_statuses.log
check_no_direct_ingestion_network_clients: PASS rc=0 dur=0.276s log=artifacts/proof/current/check_no_direct_ingestion_network_clients.log
check_source_registry_docs: PASS rc=0 dur=0.714s log=artifacts/proof/current/check_source_registry_docs.log
check_external_boundaries: PASS rc=0 dur=0.649s log=artifacts/proof/current/check_external_boundaries.log
backend_compile: PASS rc=0 dur=0.099s log=artifacts/proof/current/backend_compile.log
backend_import: PASS rc=0 dur=0.757s log=artifacts/proof/current/backend_import.log
backend_pytest: FAIL rc=1 dur=25.981s log=artifacts/proof/current/backend_pytest.log
check_migrations: PASS rc=0 dur=0.897s log=artifacts/proof/current/check_migrations.log
docker_runtime_preflight: PASS rc=0 dur=0.917s log=artifacts/proof/current/docker_runtime_preflight.log
postgis_proof: PASS rc=0 dur=14.576s log=artifacts/proof/current/postgis_proof.log
egress_proxy_proof: PASS rc=0 dur=5.878s log=artifacts/proof/current/egress_proxy_proof.log
demo_proof: FAIL rc=2 dur=0.039s log=artifacts/proof/current/demo_proof.log
validate_sources: PASS rc=0 dur=0.301s log=artifacts/proof/current/validate_sources.log
verify_source_registry: PASS rc=0 dur=0.561s log=artifacts/proof/current/verify_source_registry.log
source_registry_status: PASS rc=0 dur=0.559s log=artifacts/proof/current/source_registry_status.log
prepare_proof_db: PASS rc=0 dur=1.086s log=artifacts/proof/current/prepare_proof_db.log
verify_evidence_store: PASS rc=0 dur=0.334s log=artifacts/proof/current/verify_evidence_store.log
verify_audit_chain: PASS rc=0 dur=0.346s log=artifacts/proof/current/verify_audit_chain.log
auth_mutation_route_coverage: PASS rc=0 dur=1.343s log=artifacts/proof/current/auth_mutation_route_coverage.log
mutation_fail_closed_coverage: PASS rc=0 dur=1.362s log=artifacts/proof/current/mutation_fail_closed_coverage.log
frontend_node_gate: PASS rc=0 dur=0.985s log=artifacts/proof/current/frontend_node_gate.log
frontend_install: PASS rc=0 dur=10.513s log=artifacts/proof/current/frontend_install.log
frontend_lint: PASS rc=0 dur=2.476s log=artifacts/proof/current/frontend_lint.log
frontend_typecheck: PASS rc=0 dur=1.719s log=artifacts/proof/current/frontend_typecheck.log
frontend_contracts: PASS rc=0 dur=2.179s log=artifacts/proof/current/frontend_contracts.log
frontend_build: PASS rc=0 dur=10.667s log=artifacts/proof/current/frontend_build.log
check_api_contracts: PASS rc=0 dur=2.967s log=artifacts/proof/current/check_api_contracts.log
repo_generated_files: PASS rc=0 dur=0.065s log=artifacts/proof/current/repo_generated_files.log
check_npm_audit_triage: PASS rc=0 dur=1.387s log=artifacts/proof/current/check_npm_audit_triage.log
map_route_check: PASS rc=0 dur=1.465s log=artifacts/proof/current/map_route_check.log
public_api_boundary: PASS rc=0 dur=2.801s log=artifacts/proof/current/public_api_boundary.log
proof_freshness: PASS rc=0 dur=2.253s log=artifacts/proof/current/proof_freshness.log
alpha_gate_passed=false
