Traceback (most recent call last):
  File "/Users/dawsonblock/Downloads/JUDGE_ATLAS-main 2/scripts/check_map_route.py", line 173, in <module>
    raise SystemExit(main())
                     ^^^^^^
  File "/Users/dawsonblock/Downloads/JUDGE_ATLAS-main 2/scripts/check_map_route.py", line 131, in main
    proc = subprocess.run(
           ^^^^^^^^^^^^^^^
  File "/Users/dawsonblock/.local/share/uv/python/cpython-3.11.14-macos-aarch64-none/lib/python3.11/subprocess.py", line 550, in run
    stdout, stderr = process.communicate(input, timeout=timeout)
                     ^^^^^^^^^^^^^^^^^^^^^^^^^^^^^^^^^^^^^^^^^^^
  File "/Users/dawsonblock/.local/share/uv/python/cpython-3.11.14-macos-aarch64-none/lib/python3.11/subprocess.py", line 1209, in communicate
    stdout, stderr = self._communicate(input, endtime, timeout)
                     ^^^^^^^^^^^^^^^^^^^^^^^^^^^^^^^^^^^^^^^^^^
  File "/Users/dawsonblock/.local/share/uv/python/cpython-3.11.14-macos-aarch64-none/lib/python3.11/subprocess.py", line 2115, in _communicate
    ready = selector.select(timeout)
            ^^^^^^^^^^^^^^^^^^^^^^^^
  File "/Users/dawsonblock/.local/share/uv/python/cpython-3.11.14-macos-aarch64-none/lib/python3.11/selectors.py", line 415, in select
    fd_event_list = self._selector.poll(timeout)
                    ^^^^^^^^^^^^^^^^^^^^^^^^^^^^
KeyboardInterrupt
