
> judgetracker-atlas-frontend@0.1.0 test:contracts
> vitest run tests/contracts tests/*.contract.test.ts

[33mThe CJS build of Vite's Node API is deprecated. See https://vite.dev/guide/troubleshooting.html#vite-cjs-node-api-deprecated for more details.[39m

 RUN  v2.1.9 /Users/dawsonblock/Downloads/JUDGE_ATLAS-main 2/frontend

 ✓ tests/admin-csrf.contract.test.ts (3 tests) 2ms
 ✓ tests/contracts/evidenceChat.contract.test.ts (2 tests) 2ms
 ✓ tests/admin-source-mutation-proxy.contract.test.ts (4 tests) 20ms
 ✓ tests/review-flow.contract.test.ts (2 tests) 9ms
 ✓ tests/public-map.contract.test.ts (7 tests) 16ms
 ✓ tests/contracts/sourceRegistry.contract.test.ts (2 tests) 20ms
 ✓ tests/contracts/reviewQueue.contract.test.ts (2 tests) 7ms
 ✓ tests/source-registry.contract.test.ts (2 tests) 45ms
 ✓ tests/contracts/evidenceSnapshot.contract.test.ts (2 tests) 4ms
 ✓ tests/contracts/publicMap.contract.test.ts (2 tests) 2ms
 ✓ tests/contracts/publicEntityDetail.contract.test.ts (2 tests) 4ms
 ✓ tests/contracts/contract_schema_headers.test.ts (7 tests) 12ms
 ✓ tests/contracts/contracts_presence.test.ts (1 test) 3ms
 ✓ tests/contracts/errorResponse.contract.test.ts (3 tests) 3ms
 ✓ tests/contracts/aiReviewResult.contract.test.ts (2 tests) 4ms
 ✓ tests/contracts/mapWorkspace.filters.test.ts (1 test) 1ms

 Test Files  16 passed (16)
      Tests  44 passed (44)
   Start at  22:12:58
   Duration  2.10s (transform 806ms, setup 0ms, collect 3.05s, tests 155ms, environment 3ms, prepare 5.59s)

