Traceback (most recent call last):
  File "<frozen runpy>", line 198, in _run_module_as_main
  File "<frozen runpy>", line 88, in _run_code
  File "/Users/dawsonblock/JUDGE_ATLASX/backend/.venv/lib/python3.11/site-packages/uvicorn/__main__.py", line 4, in <module>
    uvicorn.main()
  File "/Users/dawsonblock/JUDGE_ATLASX/backend/.venv/lib/python3.11/site-packages/click/core.py", line 1524, in __call__
    return self.main(*args, **kwargs)
           ^^^^^^^^^^^^^^^^^^^^^^^^^^
  File "/Users/dawsonblock/JUDGE_ATLASX/backend/.venv/lib/python3.11/site-packages/click/core.py", line 1445, in main
    rv = self.invoke(ctx)
         ^^^^^^^^^^^^^^^^
  File "/Users/dawsonblock/JUDGE_ATLASX/backend/.venv/lib/python3.11/site-packages/click/core.py", line 1308, in invoke
    return ctx.invoke(self.callback, **ctx.params)
           ^^^^^^^^^^^^^^^^^^^^^^^^^^^^^^^^^^^^^^^
  File "/Users/dawsonblock/JUDGE_ATLASX/backend/.venv/lib/python3.11/site-packages/click/core.py", line 877, in invoke
    return callback(*args, **kwargs)
           ^^^^^^^^^^^^^^^^^^^^^^^^^
  File "/Users/dawsonblock/JUDGE_ATLASX/backend/.venv/lib/python3.11/site-packages/uvicorn/main.py", line 441, in main
    run(
  File "/Users/dawsonblock/JUDGE_ATLASX/backend/.venv/lib/python3.11/site-packages/uvicorn/main.py", line 609, in run
    config.load_app()
  File "/Users/dawsonblock/JUDGE_ATLASX/backend/.venv/lib/python3.11/site-packages/uvicorn/config.py", line 415, in load_app
    return import_from_string(self.app)
           ^^^^^^^^^^^^^^^^^^^^^^^^^^^^
  File "/Users/dawsonblock/JUDGE_ATLASX/backend/.venv/lib/python3.11/site-packages/uvicorn/importer.py", line 19, in import_from_string
    module = importlib.import_module(module_str)
             ^^^^^^^^^^^^^^^^^^^^^^^^^^^^^^^^^^^
  File "/Users/dawsonblock/.pyenv/versions/3.11.7/lib/python3.11/importlib/__init__.py", line 126, in import_module
    return _bootstrap._gcd_import(name[level:], package, level)
           ^^^^^^^^^^^^^^^^^^^^^^^^^^^^^^^^^^^^^^^^^^^^^^^^^^^^
  File "<frozen importlib._bootstrap>", line 1204, in _gcd_import
  File "<frozen importlib._bootstrap>", line 1176, in _find_and_load
  File "<frozen importlib._bootstrap>", line 1147, in _find_and_load_unlocked
  File "<frozen importlib._bootstrap>", line 690, in _load_unlocked
  File "<frozen importlib._bootstrap_external>", line 940, in exec_module
  File "<frozen importlib._bootstrap>", line 241, in _call_with_frames_removed
  File "/Users/dawsonblock/JUDGE_ATLASX/backend/app/main.py", line 11, in <module>
    from app.api.routes import router
  File "/Users/dawsonblock/JUDGE_ATLASX/backend/app/api/routes/__init__.py", line 1, in <module>
    from app.api.routes import (
  File "/Users/dawsonblock/JUDGE_ATLASX/backend/app/api/routes/admin_legacy_ingest.py", line 7, in <module>
    from app.api.routes.admin_ingest import legacy_router as router
ImportError: cannot import name 'legacy_router' from 'app.api.routes.admin_ingest' (/Users/dawsonblock/JUDGE_ATLASX/backend/app/api/routes/admin_ingest.py)
