RELEASE GATE
check_no_pyc: PASS rc=0 dur=0.042s log=artifacts/proof/current/check_no_pyc.log
check_false_claims: PASS rc=0 dur=4.543s log=artifacts/proof/current/check_false_claims.log
check_source_keys: PASS rc=0 dur=0.353s log=artifacts/proof/current/check_source_keys.log
check_statuses: PASS rc=0 dur=0.554s log=artifacts/proof/current/check_statuses.log
check_no_direct_ingestion_network_clients: PASS rc=0 dur=0.836s log=artifacts/proof/current/check_no_direct_ingestion_network_clients.log
check_source_registry_docs: PASS rc=0 dur=1.912s log=artifacts/proof/current/check_source_registry_docs.log
check_external_boundaries: PASS rc=0 dur=0.906s log=artifacts/proof/current/check_external_boundaries.log
backend_compile: PASS rc=0 dur=0.173s log=artifacts/proof/current/backend_compile.log
backend_import: FAIL rc=1 dur=0.778s log=artifacts/proof/current/backend_import.log
backend_pytest: FAIL rc=4 dur=1.078s log=artifacts/proof/current/backend_pytest.log
check_migrations: PASS rc=0 dur=2.147s log=artifacts/proof/current/check_migrations.log
docker_runtime_preflight: PASS rc=0 dur=1.9s log=artifacts/proof/current/docker_runtime_preflight.log
postgis_proof: FAIL rc=1 dur=30.022s log=artifacts/proof/current/postgis_proof.log
egress_proxy_proof: FAIL rc=4 dur=2.206s log=artifacts/proof/current/egress_proxy_proof.log
demo_proof: FAIL rc=1 dur=23.365s log=artifacts/proof/current/demo_proof.log
validate_sources: PASS rc=0 dur=0.722s log=artifacts/proof/current/validate_sources.log
verify_source_registry: PASS rc=0 dur=1.104s log=artifacts/proof/current/verify_source_registry.log
source_registry_status: PASS rc=0 dur=0.939s log=artifacts/proof/current/source_registry_status.log
prepare_proof_db: PASS rc=0 dur=2.052s log=artifacts/proof/current/prepare_proof_db.log
verify_evidence_store: PASS rc=0 dur=0.525s log=artifacts/proof/current/verify_evidence_store.log
verify_audit_chain: PASS rc=0 dur=0.544s log=artifacts/proof/current/verify_audit_chain.log
auth_mutation_route_coverage: FAIL rc=4 dur=1.708s log=artifacts/proof/current/auth_mutation_route_coverage.log
mutation_fail_closed_coverage: FAIL rc=4 dur=1.009s log=artifacts/proof/current/mutation_fail_closed_coverage.log
frontend_node_gate: PASS rc=0 dur=1.428s log=artifacts/proof/current/frontend_node_gate.log
frontend_install: PASS rc=0 dur=22.08s log=artifacts/proof/current/frontend_install.log
frontend_lint: PASS rc=0 dur=3.994s log=artifacts/proof/current/frontend_lint.log
frontend_typecheck: PASS rc=0 dur=4.633s log=artifacts/proof/current/frontend_typecheck.log
frontend_contracts: PASS rc=0 dur=4.779s log=artifacts/proof/current/frontend_contracts.log
frontend_build: PASS rc=0 dur=23.409s log=artifacts/proof/current/frontend_build.log
check_api_contracts: FAIL rc=1 dur=5.035s log=artifacts/proof/current/check_api_contracts.log
repo_generated_files: PASS rc=0 dur=0.095s log=artifacts/proof/current/repo_generated_files.log
check_npm_audit_triage: PASS rc=0 dur=1.745s log=artifacts/proof/current/check_npm_audit_triage.log
map_route_check: FAIL rc=1 dur=1.127s log=artifacts/proof/current/map_route_check.log
public_api_boundary: FAIL rc=4 dur=1.12s log=artifacts/proof/current/public_api_boundary.log
proof_freshness: PASS rc=0 dur=3.507s log=artifacts/proof/current/proof_freshness.log
alpha_gate_passed=false
