RELEASE GATE
check_no_pyc: PASS rc=0 dur=0.044s log=artifacts/proof/current/check_no_pyc.log
check_false_claims: FAIL rc=1 dur=3.309s log=artifacts/proof/current/check_false_claims.log
check_source_keys: PASS rc=0 dur=0.301s log=artifacts/proof/current/check_source_keys.log
check_statuses: PASS rc=0 dur=0.246s log=artifacts/proof/current/check_statuses.log
check_no_direct_ingestion_network_clients: PASS rc=0 dur=0.366s log=artifacts/proof/current/check_no_direct_ingestion_network_clients.log
check_source_registry_docs: PASS rc=0 dur=1.004s log=artifacts/proof/current/check_source_registry_docs.log
check_external_boundaries: PASS rc=0 dur=0.845s log=artifacts/proof/current/check_external_boundaries.log
backend_compile: PASS rc=0 dur=0.121s log=artifacts/proof/current/backend_compile.log
backend_import: PASS rc=0 dur=0.917s log=artifacts/proof/current/backend_import.log
backend_pytest: FAIL rc=1 dur=34.907s log=artifacts/proof/current/backend_pytest.log
check_migrations: PASS rc=0 dur=1.526s log=artifacts/proof/current/check_migrations.log
docker_runtime_preflight: PASS rc=0 dur=1.423s log=artifacts/proof/current/docker_runtime_preflight.log
postgis_proof: PASS rc=0 dur=27.416s log=artifacts/proof/current/postgis_proof.log
egress_proxy_proof: FAIL rc=1 dur=1.825s log=artifacts/proof/current/egress_proxy_proof.log
demo_proof: PASS rc=0 dur=3.083s log=artifacts/proof/current/demo_proof.log
validate_sources: PASS rc=0 dur=0.495s log=artifacts/proof/current/validate_sources.log
verify_source_registry: PASS rc=0 dur=0.977s log=artifacts/proof/current/verify_source_registry.log
source_registry_status: PASS rc=0 dur=1.06s log=artifacts/proof/current/source_registry_status.log
prepare_proof_db: PASS rc=0 dur=1.483s log=artifacts/proof/current/prepare_proof_db.log
verify_evidence_store: PASS rc=0 dur=0.459s log=artifacts/proof/current/verify_evidence_store.log
verify_audit_chain: PASS rc=0 dur=0.433s log=artifacts/proof/current/verify_audit_chain.log
auth_mutation_route_coverage: PASS rc=0 dur=1.609s log=artifacts/proof/current/auth_mutation_route_coverage.log
mutation_fail_closed_coverage: PASS rc=0 dur=1.7s log=artifacts/proof/current/mutation_fail_closed_coverage.log
frontend_node_gate: PASS rc=0 dur=1.33s log=artifacts/proof/current/frontend_node_gate.log
frontend_install: PASS rc=0 dur=11.931s log=artifacts/proof/current/frontend_install.log
frontend_lint: PASS rc=0 dur=2.518s log=artifacts/proof/current/frontend_lint.log
frontend_typecheck: PASS rc=0 dur=2.104s log=artifacts/proof/current/frontend_typecheck.log
frontend_contracts: PASS rc=0 dur=2.891s log=artifacts/proof/current/frontend_contracts.log
frontend_build: PASS rc=0 dur=11.771s log=artifacts/proof/current/frontend_build.log
check_api_contracts: PASS rc=0 dur=3.811s log=artifacts/proof/current/check_api_contracts.log
repo_generated_files: PASS rc=0 dur=0.095s log=artifacts/proof/current/repo_generated_files.log
check_npm_audit_triage: PASS rc=0 dur=1.327s log=artifacts/proof/current/check_npm_audit_triage.log
map_route_check: PASS rc=0 dur=1.709s log=artifacts/proof/current/map_route_check.log
public_api_boundary: PASS rc=0 dur=3.357s log=artifacts/proof/current/public_api_boundary.log
proof_freshness: PASS rc=0 dur=2.985s log=artifacts/proof/current/proof_freshness.log
alpha_gate_passed=false
