PROOF DB PREPARE
migrations=PASS
Seeding failed:
ERROR during seeding: (sqlite3.IntegrityError) AuditLog is append-only: UPDATE not allowed
[SQL: UPDATE audit_logs SET entry_hash=? WHERE audit_logs.id = ?]
[parameters: ('1495b92b68ccde41e541f1301aa5019a204cb828e7063830ca3d9b46964925cf', 1)]
(Background on this error at: https://sqlalche.me/e/20/gkpj)

Traceback (most recent call last):
  File "/Users/dawsonblock/Downloads/JUDGE_ATLAS-main 2/backend/.venv/lib/python3.11/site-packages/sqlalchemy/engine/base.py", line 1967, in _exec_single_context
    self.dialect.do_execute(
  File "/Users/dawsonblock/Downloads/JUDGE_ATLAS-main 2/backend/.venv/lib/python3.11/site-packages/sqlalchemy/engine/default.py", line 952, in do_execute
    cursor.execute(statement, parameters)
sqlite3.IntegrityError: AuditLog is append-only: UPDATE not allowed

The above exception was the direct cause of the following exception:

Traceback (most recent call last):
  File "/Users/dawsonblock/Downloads/JUDGE_ATLAS-main 2/backend/scripts/seed_proof_db.py", line 232, in main
    seed_audit_chain(db_url)
  File "/Users/dawsonblock/Downloads/JUDGE_ATLAS-main 2/backend/scripts/seed_proof_db.py", line 158, in seed_audit_chain
    db.flush()
  File "/Users/dawsonblock/Downloads/JUDGE_ATLAS-main 2/backend/.venv/lib/python3.11/site-packages/sqlalchemy/orm/session.py", line 4331, in flush
    self._flush(objects)
  File "/Users/dawsonblock/Downloads/JUDGE_ATLAS-main 2/backend/.venv/lib/python3.11/site-packages/sqlalchemy/orm/session.py", line 4466, in _flush
    with util.safe_reraise():
  File "/Users/dawsonblock/Downloads/JUDGE_ATLAS-main 2/backend/.venv/lib/python3.11/site-packages/sqlalchemy/util/langhelpers.py", line 121, in __exit__
    raise exc_value.with_traceback(exc_tb)
  File "/Users/dawsonblock/Downloads/JUDGE_ATLAS-main 2/backend/.venv/lib/python3.11/site-packages/sqlalchemy/orm/session.py", line 4427, in _flush
    flush_context.execute()
  File "/Users/dawsonblock/Downloads/JUDGE_ATLAS-main 2/backend/.venv/lib/python3.11/site-packages/sqlalchemy/orm/unitofwork.py", line 466, in execute
    rec.execute(self)
  File "/Users/dawsonblock/Downloads/JUDGE_ATLAS-main 2/backend/.venv/lib/python3.11/site-packages/sqlalchemy/orm/unitofwork.py", line 642, in execute
    util.preloaded.orm_persistence.save_obj(
  File "/Users/dawsonblock/Downloads/JUDGE_ATLAS-main 2/backend/.venv/lib/python3.11/site-packages/sqlalchemy/orm/persistence.py", line 85, in save_obj
    _emit_update_statements(
  File "/Users/dawsonblock/Downloads/JUDGE_ATLAS-main 2/backend/.venv/lib/python3.11/site-packages/sqlalchemy/orm/persistence.py", line 912, in _emit_update_statements
    c = connection.execute(
        ^^^^^^^^^^^^^^^^^^^
  File "/Users/dawsonblock/Downloads/JUDGE_ATLAS-main 2/backend/.venv/lib/python3.11/site-packages/sqlalchemy/engine/base.py", line 1419, in execute
    return meth(
           ^^^^^
  File "/Users/dawsonblock/Downloads/JUDGE_ATLAS-main 2/backend/.venv/lib/python3.11/site-packages/sqlalchemy/sql/elements.py", line 527, in _execute_on_connection
    return connection._execute_clauseelement(
           ^^^^^^^^^^^^^^^^^^^^^^^^^^^^^^^^^^
  File "/Users/dawsonblock/Downloads/JUDGE_ATLAS-main 2/backend/.venv/lib/python3.11/site-packages/sqlalchemy/engine/base.py", line 1641, in _execute_clauseelement
    ret = self._execute_context(
          ^^^^^^^^^^^^^^^^^^^^^^
  File "/Users/dawsonblock/Downloads/JUDGE_ATLAS-main 2/backend/.venv/lib/python3.11/site-packages/sqlalchemy/engine/base.py", line 1846, in _execute_context
    return self._exec_single_context(
           ^^^^^^^^^^^^^^^^^^^^^^^^^^
  File "/Users/dawsonblock/Downloads/JUDGE_ATLAS-main 2/backend/.venv/lib/python3.11/site-packages/sqlalchemy/engine/base.py", line 1986, in _exec_single_context
    self._handle_dbapi_exception(
  File "/Users/dawsonblock/Downloads/JUDGE_ATLAS-main 2/backend/.venv/lib/python3.11/site-packages/sqlalchemy/engine/base.py", line 2363, in _handle_dbapi_exception
    raise sqlalchemy_exception.with_traceback(exc_info[2]) from e
  File "/Users/dawsonblock/Downloads/JUDGE_ATLAS-main 2/backend/.venv/lib/python3.11/site-packages/sqlalchemy/engine/base.py", line 1967, in _exec_single_context
    self.dialect.do_execute(
  File "/Users/dawsonblock/Downloads/JUDGE_ATLAS-main 2/backend/.venv/lib/python3.11/site-packages/sqlalchemy/engine/default.py", line 952, in do_execute
    cursor.execute(statement, parameters)
sqlalchemy.exc.IntegrityError: (sqlite3.IntegrityError) AuditLog is append-only: UPDATE not allowed
[SQL: UPDATE audit_logs SET entry_hash=? WHERE audit_logs.id = ?]
[parameters: ('1495b92b68ccde41e541f1301aa5019a204cb828e7063830ca3d9b46964925cf', 1)]
(Background on this error at: https://sqlalche.me/e/20/gkpj)

RESULT: FAIL seeding_failed
