
> judgetracker-atlas-frontend@0.1.0 test:contracts
> vitest run tests/contracts tests/*.contract.test.ts

[33mThe CJS build of Vite's Node API is deprecated. See https://vite.dev/guide/troubleshooting.html#vite-cjs-node-api-deprecated for more details.[39m

 RUN  v2.1.9 /Users/dawsonblock/JUDGE_ATLASX/frontend

 ✓ tests/contracts/adminAuthGuard.test.ts (4 tests) 8ms
 ✓ tests/admin-csrf.contract.test.ts (3 tests) 10ms
 ✓ tests/contracts/evidenceChat.contract.test.ts (2 tests) 13ms
 ✓ tests/admin-source-mutation-proxy.contract.test.ts (4 tests) 39ms
 ✓ tests/contracts/reviewQueue.contract.test.ts (2 tests) 8ms
 ✓ tests/contracts/publicEntityDetail.contract.test.ts (2 tests) 8ms
 ✓ tests/contracts/sourceRegistry.contract.test.ts (2 tests) 5ms
 ✓ tests/public-map.contract.test.ts (7 tests) 12ms
 ✓ tests/review-flow.contract.test.ts (2 tests) 11ms
 ✓ tests/source-registry.contract.test.ts (2 tests) 14ms
 ✓ tests/contracts/publicMap.contract.test.ts (2 tests) 15ms
 ✓ tests/contracts/contract_schema_headers.test.ts (7 tests) 24ms
 ✓ tests/contracts/evidenceSnapshot.contract.test.ts (2 tests) 11ms
 ✓ tests/contracts/aiReviewResult.contract.test.ts (2 tests) 11ms
 ✓ tests/contracts/contracts_presence.test.ts (1 test) 5ms
 ✓ tests/contracts/errorResponse.contract.test.ts (3 tests) 8ms
 ✓ tests/contracts/mapWorkspace.filters.test.ts (1 test) 2ms

 Test Files  17 passed (17)
      Tests  48 passed (48)
   Start at  15:17:19
   Duration  4.34s (transform 1.54s, setup 0ms, collect 6.28s, tests 203ms, environment 19ms, prepare 11.32s)

