RELEASE GATE
check_no_pyc: PASS rc=0 dur=0.033s log=artifacts/proof/current/check_no_pyc.log
check_false_claims: FAIL rc=1 dur=2.461s log=artifacts/proof/current/check_false_claims.log
check_source_keys: PASS rc=0 dur=0.318s log=artifacts/proof/current/check_source_keys.log
check_statuses: PASS rc=0 dur=0.253s log=artifacts/proof/current/check_statuses.log
check_no_direct_ingestion_network_clients: FAIL rc=1 dur=0.361s log=artifacts/proof/current/check_no_direct_ingestion_network_clients.log
check_source_registry_docs: PASS rc=0 dur=0.996s log=artifacts/proof/current/check_source_registry_docs.log
check_external_boundaries: PASS rc=0 dur=1.216s log=artifacts/proof/current/check_external_boundaries.log
backend_compile: PASS rc=0 dur=0.246s log=artifacts/proof/current/backend_compile.log
backend_import: PASS rc=0 dur=1.284s log=artifacts/proof/current/backend_import.log
backend_pytest: FAIL rc=1 dur=30.5s log=artifacts/proof/current/backend_pytest.log
check_migrations: PASS rc=0 dur=1.242s log=artifacts/proof/current/check_migrations.log
docker_runtime_preflight: PASS rc=0 dur=1.07s log=artifacts/proof/current/docker_runtime_preflight.log
postgis_proof: PASS rc=0 dur=22.861s log=artifacts/proof/current/postgis_proof.log
egress_proxy_proof: FAIL rc=1 dur=1.856s log=artifacts/proof/current/egress_proxy_proof.log
demo_proof: PASS rc=0 dur=3.4s log=artifacts/proof/current/demo_proof.log
validate_sources: PASS rc=0 dur=0.419s log=artifacts/proof/current/validate_sources.log
verify_source_registry: PASS rc=0 dur=0.785s log=artifacts/proof/current/verify_source_registry.log
source_registry_status: PASS rc=0 dur=0.783s log=artifacts/proof/current/source_registry_status.log
prepare_proof_db: PASS rc=0 dur=1.719s log=artifacts/proof/current/prepare_proof_db.log
verify_evidence_store: PASS rc=0 dur=0.454s log=artifacts/proof/current/verify_evidence_store.log
verify_audit_chain: PASS rc=0 dur=0.452s log=artifacts/proof/current/verify_audit_chain.log
auth_mutation_route_coverage: PASS rc=0 dur=1.667s log=artifacts/proof/current/auth_mutation_route_coverage.log
mutation_fail_closed_coverage: PASS rc=0 dur=2.047s log=artifacts/proof/current/mutation_fail_closed_coverage.log
frontend_node_gate: PASS rc=0 dur=1.355s log=artifacts/proof/current/frontend_node_gate.log
frontend_install: PASS rc=0 dur=12.032s log=artifacts/proof/current/frontend_install.log
frontend_lint: PASS rc=0 dur=2.665s log=artifacts/proof/current/frontend_lint.log
frontend_typecheck: PASS rc=0 dur=2.246s log=artifacts/proof/current/frontend_typecheck.log
frontend_contracts: PASS rc=0 dur=2.833s log=artifacts/proof/current/frontend_contracts.log
frontend_build: PASS rc=0 dur=11.388s log=artifacts/proof/current/frontend_build.log
check_api_contracts: PASS rc=0 dur=4.28s log=artifacts/proof/current/check_api_contracts.log
repo_generated_files: PASS rc=0 dur=0.098s log=artifacts/proof/current/repo_generated_files.log
check_npm_audit_triage: PASS rc=0 dur=1.294s log=artifacts/proof/current/check_npm_audit_triage.log
map_route_check: PASS rc=0 dur=1.778s log=artifacts/proof/current/map_route_check.log
public_api_boundary: PASS rc=0 dur=3.348s log=artifacts/proof/current/public_api_boundary.log
proof_freshness: PASS rc=0 dur=2.773s log=artifacts/proof/current/proof_freshness.log
alpha_gate_passed=false
