
> judgetracker-atlas-frontend@0.1.0 test:contracts
> vitest run tests/contracts tests/*.contract.test.ts

[33mThe CJS build of Vite's Node API is deprecated. See https://vite.dev/guide/troubleshooting.html#vite-cjs-node-api-deprecated for more details.[39m

 RUN  v2.1.9 /Users/dawsonblock/JUDGE_ATLASX/frontend

 ✓ tests/admin-csrf.contract.test.ts (3 tests) 2ms
 ✓ tests/contracts/adminAuthGuard.test.ts (4 tests) 11ms
 ✓ tests/contracts/evidenceChat.contract.test.ts (2 tests) 4ms
 ✓ tests/admin-source-mutation-proxy.contract.test.ts (4 tests) 24ms
 ✓ tests/source-registry.contract.test.ts (2 tests) 7ms
 ✓ tests/contracts/publicEntityDetail.contract.test.ts (2 tests) 21ms
 ✓ tests/contracts/sourceRegistry.contract.test.ts (2 tests) 26ms
 ✓ tests/public-map.contract.test.ts (7 tests) 24ms
 ✓ tests/contracts/reviewQueue.contract.test.ts (2 tests) 18ms
 ✓ tests/contracts/publicMap.contract.test.ts (2 tests) 32ms
 ✓ tests/review-flow.contract.test.ts (2 tests) 39ms
 ✓ tests/contracts/evidenceSnapshot.contract.test.ts (2 tests) 6ms
 ✓ tests/contracts/contract_schema_headers.test.ts (7 tests) 12ms
 ✓ tests/contracts/contracts_presence.test.ts (1 test) 3ms
 ✓ tests/contracts/errorResponse.contract.test.ts (3 tests) 3ms
 ✓ tests/contracts/aiReviewResult.contract.test.ts (2 tests) 3ms
 ✓ tests/contracts/mapWorkspace.filters.test.ts (1 test) 2ms

 Test Files  17 passed (17)
      Tests  48 passed (48)
   Start at  16:54:15
   Duration  2.41s (transform 1.65s, setup 0ms, collect 4.86s, tests 237ms, environment 124ms, prepare 4.25s)

