Traceback (most recent call last):
  File "/Users/dawsonblock/Downloads/JUDGE_ATLAS-main 2/scripts/check_proof_freshness.py", line 428, in <module>
    raise SystemExit(main())
                     ^^^^^^
  File "/Users/dawsonblock/Downloads/JUDGE_ATLAS-main 2/scripts/check_proof_freshness.py", line 377, in main
    result = validate_stored_manifest(
             ^^^^^^^^^^^^^^^^^^^^^^^^^
  File "/Users/dawsonblock/Downloads/JUDGE_ATLAS-main 2/scripts/check_proof_freshness.py", line 226, in validate_stored_manifest
    discovered_file_list = discover_proof_input_files(repo_root)
                           ^^^^^^^^^^^^^^^^^^^^^^^^^^^^^^^^^^^^^
  File "/Users/dawsonblock/Downloads/JUDGE_ATLAS-main 2/scripts/check_proof_freshness.py", line 154, in discover_proof_input_files
    for rel in _load_truth_claim_scanned_paths(repo_root):
               ^^^^^^^^^^^^^^^^^^^^^^^^^^^^^^^^^^^^^^^^^^
  File "/Users/dawsonblock/Downloads/JUDGE_ATLAS-main 2/scripts/check_proof_freshness.py", line 125, in _load_truth_claim_scanned_paths
    spec.loader.exec_module(module)
  File "<frozen importlib._bootstrap_external>", line 936, in exec_module
  File "<frozen importlib._bootstrap_external>", line 1074, in get_code
  File "<frozen importlib._bootstrap_external>", line 1004, in source_to_code
  File "<frozen importlib._bootstrap>", line 241, in _call_with_frames_removed
  File "/Users/dawsonblock/Downloads/JUDGE_ATLAS-main 2/scripts/check_truth_claims.py", line 142
    "docs/legal/LEGAL_RISK_BOUNDARIES.md": AllowedPolicyPhrase(
                                         ^
SyntaxError: positional argument follows keyword argument
