RELEASE GATE
check_no_pyc: PASS rc=0 dur=0.042s log=artifacts/proof/current/check_no_pyc.log
check_false_claims: FAIL rc=1 dur=5.287s log=artifacts/proof/current/check_false_claims.log
check_source_keys: PASS rc=0 dur=0.305s log=artifacts/proof/current/check_source_keys.log
check_statuses: PASS rc=0 dur=0.256s log=artifacts/proof/current/check_statuses.log
check_no_direct_ingestion_network_clients: PASS rc=0 dur=0.373s log=artifacts/proof/current/check_no_direct_ingestion_network_clients.log
check_source_registry_docs: PASS rc=0 dur=0.145s log=artifacts/proof/current/check_source_registry_docs.log
check_external_boundaries: PASS rc=0 dur=0.884s log=artifacts/proof/current/check_external_boundaries.log
backend_compile: PASS rc=0 dur=0.386s log=artifacts/proof/current/backend_compile.log
backend_import: FAIL rc=1 dur=0.539s log=artifacts/proof/current/backend_import.log
backend_pytest: FAIL rc=4 dur=1.04s log=artifacts/proof/current/backend_pytest.log
check_migrations: FAIL rc=1 dur=0.055s log=artifacts/proof/current/check_migrations.log
docker_runtime_preflight: PASS rc=0 dur=0.86s log=artifacts/proof/current/docker_runtime_preflight.log
postgis_proof: FAIL rc=1 dur=11.063s log=artifacts/proof/current/postgis_proof.log
egress_proxy_proof: FAIL rc=4 dur=1.075s log=artifacts/proof/current/egress_proxy_proof.log
demo_proof: FAIL rc=1 dur=0.767s log=artifacts/proof/current/demo_proof.log
validate_sources: FAIL rc=1 dur=0.256s log=artifacts/proof/current/validate_sources.log
verify_source_registry: FAIL rc=2 dur=0.045s log=artifacts/proof/current/verify_source_registry.log
source_registry_status: FAIL rc=3 dur=0.05s log=artifacts/proof/current/source_registry_status.log
prepare_proof_db: FAIL rc=1 dur=0.051s log=artifacts/proof/current/prepare_proof_db.log
verify_evidence_store: FAIL rc=1 dur=0.273s log=artifacts/proof/current/verify_evidence_store.log
verify_audit_chain: FAIL rc=1 dur=0.273s log=artifacts/proof/current/verify_audit_chain.log
auth_mutation_route_coverage: FAIL rc=4 dur=0.904s log=artifacts/proof/current/auth_mutation_route_coverage.log
mutation_fail_closed_coverage: FAIL rc=4 dur=0.791s log=artifacts/proof/current/mutation_fail_closed_coverage.log
frontend_node_gate: FAIL rc=1 dur=0.113s log=artifacts/proof/current/frontend_node_gate.log
frontend_install: BLOCKED rc=1 dur=0.0s log=artifacts/proof/current/frontend_install.log
frontend_lint: BLOCKED rc=1 dur=0.0s log=artifacts/proof/current/frontend_lint.log
frontend_typecheck: BLOCKED rc=1 dur=0.0s log=artifacts/proof/current/frontend_typecheck.log
frontend_contracts: BLOCKED rc=1 dur=0.0s log=artifacts/proof/current/frontend_contracts.log
frontend_build: BLOCKED rc=1 dur=0.0s log=artifacts/proof/current/frontend_build.log
check_api_contracts: FAIL rc=1 dur=1.115s log=artifacts/proof/current/check_api_contracts.log
repo_generated_files: FAIL rc=1 dur=0.088s log=artifacts/proof/current/repo_generated_files.log
check_npm_audit_triage: PASS rc=0 dur=2.209s log=artifacts/proof/current/check_npm_audit_triage.log
map_route_check: FAIL rc=1 dur=0.874s log=artifacts/proof/current/map_route_check.log
public_api_boundary: FAIL rc=4 dur=0.792s log=artifacts/proof/current/public_api_boundary.log
proof_freshness: PASS rc=0 dur=0.665s log=artifacts/proof/current/proof_freshness.log
alpha_gate_passed=false
