
> judgetracker-atlas-frontend@0.1.0 test:contracts
> vitest run tests/contracts tests/*.contract.test.ts

[33mThe CJS build of Vite's Node API is deprecated. See https://vite.dev/guide/troubleshooting.html#vite-cjs-node-api-deprecated for more details.[39m

 RUN  v2.1.9 /Users/dawsonblock/JUDGE_ATLASX/frontend

 ✓ tests/admin-csrf.contract.test.ts (3 tests) 5ms
 ✓ tests/contracts/evidenceChat.contract.test.ts (2 tests) 2ms
 ✓ tests/admin-source-mutation-proxy.contract.test.ts (4 tests) 9ms
 ✓ tests/contracts/publicEntityDetail.contract.test.ts (2 tests) 2ms
 ✓ tests/contracts/sourceRegistry.contract.test.ts (2 tests) 6ms
 ✓ tests/public-map.contract.test.ts (7 tests) 3ms
 ✓ tests/review-flow.contract.test.ts (2 tests) 3ms
 ✓ tests/contracts/reviewQueue.contract.test.ts (2 tests) 4ms
 ✓ tests/contracts/publicMap.contract.test.ts (2 tests) 5ms
 ✓ tests/source-registry.contract.test.ts (2 tests) 9ms
 ✓ tests/contracts/evidenceSnapshot.contract.test.ts (2 tests) 9ms
 ✓ tests/contracts/contract_schema_headers.test.ts (7 tests) 17ms
 ✓ tests/contracts/aiReviewResult.contract.test.ts (2 tests) 4ms
 ✓ tests/contracts/errorResponse.contract.test.ts (3 tests) 6ms
 ✓ tests/contracts/contracts_presence.test.ts (1 test) 1ms
 ✓ tests/contracts/mapWorkspace.filters.test.ts (1 test) 1ms

 Test Files  16 passed (16)
      Tests  44 passed (44)
   Start at  02:55:00
   Duration  1.71s (transform 1.19s, setup 0ms, collect 3.80s, tests 85ms, environment 4ms, prepare 4.01s)

