
> judgetracker-atlas-frontend@0.1.0 test:contracts
> vitest run tests/contracts tests/*.contract.test.ts

[33mThe CJS build of Vite's Node API is deprecated. See https://vite.dev/guide/troubleshooting.html#vite-cjs-node-api-deprecated for more details.[39m

 RUN  v2.1.9 /Users/dawsonblock/JUDGE_ATLASX/frontend

 ✓ tests/admin-csrf.contract.test.ts (3 tests) 3ms
 ✓ tests/contracts/adminAuthGuard.test.ts (4 tests) 14ms
 ✓ tests/admin-source-mutation-proxy.contract.test.ts (4 tests) 8ms
 ✓ tests/contracts/evidenceChat.contract.test.ts (2 tests) 4ms
 ✓ tests/review-flow.contract.test.ts (2 tests) 4ms
 ✓ tests/contracts/sourceRegistry.contract.test.ts (2 tests) 9ms
 ✓ tests/contracts/publicEntityDetail.contract.test.ts (2 tests) 3ms
 ✓ tests/contracts/publicMap.contract.test.ts (2 tests) 8ms
 ✓ tests/contracts/reviewQueue.contract.test.ts (2 tests) 8ms
 ✓ tests/source-registry.contract.test.ts (2 tests) 10ms
 ✓ tests/public-map.contract.test.ts (7 tests) 15ms
 ✓ tests/contracts/contract_schema_headers.test.ts (7 tests) 8ms
 ✓ tests/contracts/evidenceSnapshot.contract.test.ts (2 tests) 5ms
 ✓ tests/contracts/aiReviewResult.contract.test.ts (2 tests) 3ms
 ✓ tests/contracts/errorResponse.contract.test.ts (3 tests) 2ms
 ✓ tests/contracts/contracts_presence.test.ts (1 test) 4ms
 ✓ tests/contracts/mapWorkspace.filters.test.ts (1 test) 2ms

 Test Files  17 passed (17)
      Tests  48 passed (48)
   Start at  16:49:48
   Duration  2.23s (transform 1.66s, setup 0ms, collect 5.99s, tests 110ms, environment 6ms, prepare 3.29s)

